// Jest Snapshot v1, https://goo.gl/fbAQLP

exports[`renders the homepage 1`] = `
.c0 {
  position: relative;
  display: -webkit-box;
  display: -webkit-flex;
  display: -ms-flexbox;
  display: flex;
  -webkit-box-pack: center;
  -webkit-justify-content: center;
  -ms-flex-pack: center;
  justify-content: center;
  min-height: calc(100vh - 4em);
}

.c0 .background {
  position: absolute;
  top: 0;
  left: 0;
  width: 100%;
  height: 100%;
  opacity: 0.3;
}

.c0 .background .left,
.c0 .background .right {
  position: absolute;
  top: 0;
  height: 100%;
  width: 25%;
}

.c0 .background .top,
.c0 .background .bottom {
  position: absolute;
  left: 0;
  width: 100%;
  height: 50%;
  background-size: cover;
}

.c0 .background .left {
  left: 0;
}

.c0 .background .right {
  right: 0;
}

.c0 .background .top {
  top: 0;
}

.c0 .background .bottom {
  bottom: 0;
}

.c0 .background .left .top {
  background-image: url(/img/grid/left-top.png);
  background-position: 100% 100%;
}

.c0 .background .left .bottom {
  background-image: url(/img/grid/left-bottom.png);
  background-position: 100% -2px;
}

.c0 .background .right .top {
  background-image: url(/img/grid/right-top.png);
  background-position: 0 100%;
}

.c0 .background .right .bottom {
  background-image: url(/img/grid/right-bottom.png);
  background-position: 0 -2px;
}

.c0 .foreground {
  position: relative;
  display: -webkit-box;
  display: -webkit-flex;
  display: -ms-flexbox;
  display: flex;
  -webkit-flex-direction: column;
  -ms-flex-direction: column;
  flex-direction: column;
  -webkit-align-items: center;
  -webkit-box-align: center;
  -ms-flex-align: center;
  align-items: center;
  -webkit-box-pack: center;
  -webkit-justify-content: center;
  -ms-flex-pack: center;
  justify-content: center;
}

.c0 .foreground .launching {
  display: -webkit-box;
  display: -webkit-flex;
  display: -ms-flexbox;
  display: flex;
  font-size: var(--font-size-l);
  text-align: center;
  text-transform: uppercase;
  color: var(--orange-medium);
}

.c0 .foreground .launching .bracket {
  width: 1.25em;
  border: 1px solid var(--red-medium);
  opacity: 0.7;
}

.c0 .foreground .launching .bracket.left {
  border-right: none;
}

.c0 .foreground .launching .bracket.right {
  border-left: none;
}

.c0 .foreground .launching p {
  margin: 1em 0.5em;
}

.c0 .foreground h1 {
  max-width: 47.5rem;
}

.c0 .foreground .buttons {
  display: -webkit-box;
  display: -webkit-flex;
  display: -ms-flexbox;
  display: flex;
  -webkit-box-pack: center;
  -webkit-justify-content: center;
  -ms-flex-pack: center;
  justify-content: center;
  gap: 2em;
  margin: 4em 0;
}

.c2 ul {
  padding-left: 1.5em;
  list-style-type: checks;
}

.c1 .features {
  display: grid;
  grid-gap: 2.5em;
}

.c4 {
  display: -webkit-box;
  display: -webkit-flex;
  display: -ms-flexbox;
  display: flex;
  -webkit-align-items: center;
  -webkit-box-align: center;
  -ms-flex-align: center;
  align-items: center;
  color: var(--black);
}

.c4:hover {
  -webkit-text-decoration: none;
  text-decoration: none;
}

.c4:hover h4 {
  -webkit-text-decoration: underline;
  text-decoration: underline;
}

.c4:hover img {
  -webkit-transform: scale(1.1);
  -ms-transform: scale(1.1);
  transform: scale(1.1);
}

.c4 .icon {
  position: relative;
  -webkit-flex: 0 0 auto;
  -ms-flex: 0 0 auto;
  flex: 0 0 auto;
}

.c4 h4 {
  margin: 0.5em 0;
}

.c4 p {
  margin: 0.5em 0;
  opacity: var(--transparent-text);
}

.c4 img {
  -webkit-transition: -webkit-transform 200ms;
  -webkit-transition: transform 200ms;
  transition: transform 200ms;
}

.c3 .links {
  display: grid;
  grid-template-columns: 1fr;
  grid-row-gap: 2.5em;
}

.c5 h2 {
  margin: calc(var(--font-size-xxl) * 1.25) 0;
  font-size: var(--font-size-l);
  font-weight: 400;
  text-transform: capitalize;
}

.c5 .logos {
  -webkit-column-gap: 2em;
  column-gap: 2em;
  row-gap: 3em;
}

.c5 .logos a {
  display: -webkit-box;
  display: -webkit-flex;
  display: -ms-flexbox;
  display: flex;
  -webkit-align-items: center;
  -webkit-box-align: center;
  -ms-flex-align: center;
  align-items: center;
  -webkit-box-pack: center;
  -webkit-justify-content: center;
  -ms-flex-pack: center;
  justify-content: center;
  -webkit-transition: -webkit-transform 200ms;
  -webkit-transition: transform 200ms;
  transition: transform 200ms;
}

.c5 .logos a:hover {
  -webkit-transform: scale(1.1);
  -ms-transform: scale(1.1);
  transform: scale(1.1);
}

@media (max-width:768px) {
  .c1 .features {
    grid-template-columns: 1fr;
  }
}

@media (min-width:769px) {
  .c1 .features {
    grid-template-columns: 1fr 1fr;
  }
}

@media (max-width:480px) {
  .c4 {
    gap: 1.5em;
  }

  .c4 .icon {
    width: 50px;
    height: 50px;
  }
}

@media (min-width:481px) and (max-width:768px) {
  .c4 {
    gap: 2em;
  }

  .c4 .icon {
    width: 75px;
    height: 75px;
  }
}

@media (min-width:769px) {
  .c4 {
    gap: 2.5em;
  }

  .c4 .icon {
    width: 100px;
    height: 100px;
  }
}

@media (max-width:480px) {
  .c5 .logos {
    display: grid;
    grid-template-columns: 1fr;
  }
}

@media (min-width:481px) and (max-width:768px) {
  .c5 .logos {
    display: grid;
    grid-template-columns: 1fr 1fr;
  }
}

@media (min-width:769px) {
  .c5 .logos {
    display: -webkit-box;
    display: -webkit-flex;
    display: -ms-flexbox;
    display: flex;
    -webkit-box-pack: justify;
    -webkit-justify-content: space-between;
    -ms-flex-pack: justify;
    justify-content: space-between;
  }
}

<div>
  <section
    class="c0 dark"
  >
    <div
      class="background"
    >
      <div
        class="left"
      >
        <div
          class="top"
        />
        <div
          class="bottom"
        />
      </div>
      <div
        class="right"
      >
        <div
          class="top"
        />
        <div
          class="bottom"
        />
      </div>
    </div>
    <div
      class="foreground"
    >
      <div
        class="launching inter"
      >
        <div
          class="bracket left"
        />
        <p>
          Glif lending, launching in 2023
        </p>
        <div
          class="bracket right"
        />
      </div>
      <h1>
        The only Filecoin lending protocol, designed for miners 
        <i>
          and
        </i>
         
        retail investors.
      </h1>
      <div
        class="buttons"
      >
        <a
          class="button dark-primary"
          href="/"
        >
          Get early access
        </a>
        <a
          class="button dark-secondary"
          href="/"
        >
          Learn more
        </a>
      </div>
    </div>
  </section>
  <section
    class="c1 dark"
  >
    <div
      class="content"
    >
      <h2>
        Features of the Glif Lending Marketplace
      </h2>
      <p
        class="subtitle"
      >
        Powering capital efficiency on Filecoin. We help miners scale and lenders earn rewards directly from their wallet.
      </p>
      <div
        class="features"
      >
        <div
          class="feature"
        >
          <div
            class="card"
          >
            <svg />
            <h3>
              Lend
            </h3>
            <p>
              Earn rewards on your Filecoin, while supporting the network.
            </p>
            <a
              class="button dark-primary"
              href="/"
            >
              Get early access
            </a>
          </div>
          <div
            class="c2 inter"
          >
            <h5>
              Investors
            </h5>
            <ul>
              <li>
                Lend directly from Ledger, Metamask, or your favorite wallet.
              </li>
              <li>
                Transparency. Get clear up-front rates and risk profiles.
              </li>
              <li>
                Use our Filecoin Rewards Calculator to compare rewards across lending pools.
              </li>
            </ul>
          </div>
        </div>
        <div
          class="feature"
        >
          <div
            class="card"
          >
            <svg />
            <h3>
              Borrow
            </h3>
            <p>
              Borrow Filecoin with no collateral and maintain ownership of your miner.
            </p>
            <a
              class="button dark-primary"
              href="/"
            >
              Get early access
            </a>
          </div>
          <div
            class="c2 inter"
          >
            <h5>
              Miners
            </h5>
            <ul>
              <li>
                Self-manage your loans. Compare lending rates of multiple lending pools.
              </li>
              <li>
                Scale your mining operation without tying up collateral. Use your mining reputation to secure loans.
              </li>
              <li>
                Don't give up ownership of your miner. Stay in control of your mining operation.
              </li>
            </ul>
          </div>
        </div>
      </div>
    </div>
  </section>
  <section
    class="dark"
  >
    <div
      class="content"
    >
      <h2>
        What problem are we solving?
      </h2>
      <p
        class="large inter"
      >
        Filecoin lacks an on-chain primitive for trustless lending of capital to miners. As a result, Filecoin struggles from major capital inefficiencies - the majority of FIL holders cannot productively put their FIL to work without giving up custody of it, and well-reputed miners are forced to invest massive amounts of collateral in FIL to grow and remain profitable.
      </p>
      <p
        class="large inter"
      >
        Today's lending solutions are less than ideal because they require investors to give up custody of their FIL to participate, and force miners to relinquish ownership over their entire mining operation. Furthermore, it introduces operational overhead for both the custodians and the miners.
      </p>
      <p
        class="large inter"
      >
        Glif will solve Filecoin's capital inefficiencies with the first on-chain lending primitive, enabling miners to safely borrow capital and investors to earn yield on FIL.
      </p>
      <p
        class="large inter"
      >
        <b>
          This opens the door to an entirely new suite of Filecoin applications such as perpetual deals, just-in-time lending, and DataDAOs - none of which are possible to build today.
        </b>
      </p>
    </div>
  </section>
  <section
    class="c3"
  >
    <div
      class="content"
    >
      <h2>
        Glif builds foundational tools for the Filecoin Ecosystem
      </h2>
      <p
        class="subtitle"
      >
        With ongoing support from
         
        <a
          href="https://protocol.ai"
          rel="noreferrer noopener"
          target="_blank"
        >
          Protocol Labs
        </a>
         and the 
        <a
          href="https://fil.org"
          rel="noreferrer noopener"
          target="_blank"
        >
          Filecoin Foundation
        </a>
        , Glif has built and maintained essential Filecoin apps and tools since before Filecoin Mainnet launch in 2020.
      </p>
      <div
        class="separator"
      />
      <div
        class="links"
      >
        <a
          class="c4"
          href="https://wallet.glif.io"
          rel="noreferrer noopener"
          target="_blank"
        >
          <div
            class="icon"
          >
            <span
              style="box-sizing: border-box; display: inline-block; overflow: hidden; background: none; opacity: 1; border: 0px; margin: 0px; padding: 0px; position: relative; max-width: 100%;"
            >
              <span
                style="box-sizing: border-box; display: block; background: none; opacity: 1; border: 0px; margin: 0px; padding: 0px; max-width: 100%;"
              >
                <img
                  alt=""
                  aria-hidden="true"
                  src="data:image/svg+xml,%3csvg%20xmlns=%27http://www.w3.org/2000/svg%27%20version=%271.1%27%20width=%2724%27%20height=%2724%27/%3e"
                  style="display: block; max-width: 100%; background: none; opacity: 1; border: 0px; margin: 0px; padding: 0px;"
                />
              </span>
              <img
                alt=""
                data-nimg="intrinsic"
                decoding="async"
                src="data:image/gif;base64,R0lGODlhAQABAIAAAAAAAP///yH5BAEAAAAALAAAAAABAAEAAAIBRAA7"
                style="position: absolute; top: 0px; left: 0px; bottom: 0px; right: 0px; box-sizing: border-box; padding: 0px; margin: auto; display: block; width: 0px; height: 0px; min-width: 100%; max-width: 100%; min-height: 100%; max-height: 100%;"
              />
              <noscript />
            </span>
          </div>
          <div>
            <h4>
              Wallet
            </h4>
            <p
              class="inter"
            >
              The most popular Filecoin Wallet, compatible with Ledger, Metamask, and more.
            </p>
          </div>
        </a>
        <a
          class="c4"
          href="https://explorer-calibration.glif.link"
          rel="noreferrer noopener"
          target="_blank"
        >
          <div
            class="icon"
          >
            <span
              style="box-sizing: border-box; display: inline-block; overflow: hidden; background: none; opacity: 1; border: 0px; margin: 0px; padding: 0px; position: relative; max-width: 100%;"
            >
              <span
                style="box-sizing: border-box; display: block; background: none; opacity: 1; border: 0px; margin: 0px; padding: 0px; max-width: 100%;"
              >
                <img
                  alt=""
                  aria-hidden="true"
                  src="data:image/svg+xml,%3csvg%20xmlns=%27http://www.w3.org/2000/svg%27%20version=%271.1%27%20width=%2724%27%20height=%2724%27/%3e"
                  style="display: block; max-width: 100%; background: none; opacity: 1; border: 0px; margin: 0px; padding: 0px;"
                />
              </span>
              <img
                alt=""
                data-nimg="intrinsic"
                decoding="async"
                src="data:image/gif;base64,R0lGODlhAQABAIAAAAAAAP///yH5BAEAAAAALAAAAAABAAEAAAIBRAA7"
                style="position: absolute; top: 0px; left: 0px; bottom: 0px; right: 0px; box-sizing: border-box; padding: 0px; margin: auto; display: block; width: 0px; height: 0px; min-width: 100%; max-width: 100%; min-height: 100%; max-height: 100%;"
              />
              <noscript />
            </span>
          </div>
          <div>
            <h4>
              Explorer
            </h4>
            <p
              class="inter"
            >
              View the history of your accounts and smart contracts on our Filecoin blockchain explorer.
            </p>
          </div>
        </a>
        <a
          class="c4"
          href="https://verify.glif.io"
          rel="noreferrer noopener"
          target="_blank"
        >
          <div
            class="icon"
          >
            <span
              style="box-sizing: border-box; display: inline-block; overflow: hidden; background: none; opacity: 1; border: 0px; margin: 0px; padding: 0px; position: relative; max-width: 100%;"
            >
              <span
                style="box-sizing: border-box; display: block; background: none; opacity: 1; border: 0px; margin: 0px; padding: 0px; max-width: 100%;"
              >
                <img
                  alt=""
                  aria-hidden="true"
                  src="data:image/svg+xml,%3csvg%20xmlns=%27http://www.w3.org/2000/svg%27%20version=%271.1%27%20width=%2724%27%20height=%2724%27/%3e"
                  style="display: block; max-width: 100%; background: none; opacity: 1; border: 0px; margin: 0px; padding: 0px;"
                />
              </span>
              <img
                alt=""
                data-nimg="intrinsic"
                decoding="async"
                src="data:image/gif;base64,R0lGODlhAQABAIAAAAAAAP///yH5BAEAAAAALAAAAAABAAEAAAIBRAA7"
                style="position: absolute; top: 0px; left: 0px; bottom: 0px; right: 0px; box-sizing: border-box; padding: 0px; margin: auto; display: block; width: 0px; height: 0px; min-width: 100%; max-width: 100%; min-height: 100%; max-height: 100%;"
              />
              <noscript />
            </span>
          </div>
          <div>
            <h4>
              Verifier
            </h4>
            <p
              class="inter"
            >
              An automated Filecoin Notary - get better storage deals with miners.
            </p>
          </div>
        </a>
        <a
          class="c4"
          href="https://safe.glif.io"
          rel="noreferrer noopener"
          target="_blank"
        >
          <div
            class="icon"
          >
            <span
              style="box-sizing: border-box; display: inline-block; overflow: hidden; background: none; opacity: 1; border: 0px; margin: 0px; padding: 0px; position: relative; max-width: 100%;"
            >
              <span
                style="box-sizing: border-box; display: block; background: none; opacity: 1; border: 0px; margin: 0px; padding: 0px; max-width: 100%;"
              >
                <img
                  alt=""
                  aria-hidden="true"
                  src="data:image/svg+xml,%3csvg%20xmlns=%27http://www.w3.org/2000/svg%27%20version=%271.1%27%20width=%2724%27%20height=%2724%27/%3e"
                  style="display: block; max-width: 100%; background: none; opacity: 1; border: 0px; margin: 0px; padding: 0px;"
                />
              </span>
              <img
                alt=""
                data-nimg="intrinsic"
                decoding="async"
                src="data:image/gif;base64,R0lGODlhAQABAIAAAAAAAP///yH5BAEAAAAALAAAAAABAAEAAAIBRAA7"
                style="position: absolute; top: 0px; left: 0px; bottom: 0px; right: 0px; box-sizing: border-box; padding: 0px; margin: auto; display: block; width: 0px; height: 0px; min-width: 100%; max-width: 100%; min-height: 100%; max-height: 100%;"
              />
              <noscript />
            </span>
          </div>
          <div>
            <h4>
              Safe
            </h4>
            <p
              class="inter"
            >
              A Filecoin multisig wallet to more securely custody your funds.
            </p>
          </div>
        </a>
        <a
          class="c4"
          href="https://node.glif.io"
          rel="noreferrer noopener"
          target="_blank"
        >
          <div
            class="icon"
          >
            <span
              style="box-sizing: border-box; display: inline-block; overflow: hidden; background: none; opacity: 1; border: 0px; margin: 0px; padding: 0px; position: relative; max-width: 100%;"
            >
              <span
                style="box-sizing: border-box; display: block; background: none; opacity: 1; border: 0px; margin: 0px; padding: 0px; max-width: 100%;"
              >
                <img
                  alt=""
                  aria-hidden="true"
                  src="data:image/svg+xml,%3csvg%20xmlns=%27http://www.w3.org/2000/svg%27%20version=%271.1%27%20width=%2724%27%20height=%2724%27/%3e"
                  style="display: block; max-width: 100%; background: none; opacity: 1; border: 0px; margin: 0px; padding: 0px;"
                />
              </span>
              <img
                alt=""
                data-nimg="intrinsic"
                decoding="async"
                src="data:image/gif;base64,R0lGODlhAQABAIAAAAAAAP///yH5BAEAAAAALAAAAAABAAEAAAIBRAA7"
                style="position: absolute; top: 0px; left: 0px; bottom: 0px; right: 0px; box-sizing: border-box; padding: 0px; margin: auto; display: block; width: 0px; height: 0px; min-width: 100%; max-width: 100%; min-height: 100%; max-height: 100%;"
              />
              <noscript />
            </span>
          </div>
          <div>
            <h4>
              Nodes
            </h4>
            <p
              class="inter"
            >
              Get started building Filecoin apps by using our Filecoin RPC API endpoints.
            </p>
          </div>
        </a>
      </div>
    </div>
  </section>
  <section
    class="c5 border-top"
  >
    <div
      class="content"
    >
      <h2>
        USED BY
      </h2>
      <div
        class="logos"
      >
        <a
          href="https://protocol.ai"
          rel="noreferrer noopener"
          target="_blank"
        >
          <span
            style="box-sizing: border-box; display: inline-block; overflow: hidden; background: none; opacity: 1; border: 0px; margin: 0px; padding: 0px; position: relative; max-width: 100%;"
          >
            <span
              style="box-sizing: border-box; display: block; background: none; opacity: 1; border: 0px; margin: 0px; padding: 0px; max-width: 100%;"
            >
              <img
                alt=""
                aria-hidden="true"
                src="data:image/svg+xml,%3csvg%20xmlns=%27http://www.w3.org/2000/svg%27%20version=%271.1%27%20width=%2724%27%20height=%2724%27/%3e"
                style="display: block; max-width: 100%; background: none; opacity: 1; border: 0px; margin: 0px; padding: 0px;"
              />
            </span>
            <img
              alt=""
              data-nimg="intrinsic"
              decoding="async"
              src="data:image/gif;base64,R0lGODlhAQABAIAAAAAAAP///yH5BAEAAAAALAAAAAABAAEAAAIBRAA7"
              style="position: absolute; top: 0px; left: 0px; bottom: 0px; right: 0px; box-sizing: border-box; padding: 0px; margin: auto; display: block; width: 0px; height: 0px; min-width: 100%; max-width: 100%; min-height: 100%; max-height: 100%;"
            />
            <noscript />
          </span>
        </a>
        <a
          href="https://fil.org"
          rel="noreferrer noopener"
          target="_blank"
        >
          <span
            style="box-sizing: border-box; display: inline-block; overflow: hidden; background: none; opacity: 1; border: 0px; margin: 0px; padding: 0px; position: relative; max-width: 100%;"
          >
            <span
              style="box-sizing: border-box; display: block; background: none; opacity: 1; border: 0px; margin: 0px; padding: 0px; max-width: 100%;"
            >
              <img
                alt=""
                aria-hidden="true"
                src="data:image/svg+xml,%3csvg%20xmlns=%27http://www.w3.org/2000/svg%27%20version=%271.1%27%20width=%2724%27%20height=%2724%27/%3e"
                style="display: block; max-width: 100%; background: none; opacity: 1; border: 0px; margin: 0px; padding: 0px;"
              />
            </span>
            <img
              alt=""
              data-nimg="intrinsic"
              decoding="async"
              src="data:image/gif;base64,R0lGODlhAQABAIAAAAAAAP///yH5BAEAAAAALAAAAAABAAEAAAIBRAA7"
              style="position: absolute; top: 0px; left: 0px; bottom: 0px; right: 0px; box-sizing: border-box; padding: 0px; margin: auto; display: block; width: 0px; height: 0px; min-width: 100%; max-width: 100%; min-height: 100%; max-height: 100%;"
            />
            <noscript />
          </span>
        </a>
        <a
          href="https://metamask.io"
          rel="noreferrer noopener"
          target="_blank"
        >
          <span
            style="box-sizing: border-box; display: inline-block; overflow: hidden; background: none; opacity: 1; border: 0px; margin: 0px; padding: 0px; position: relative; max-width: 100%;"
          >
            <span
              style="box-sizing: border-box; display: block; background: none; opacity: 1; border: 0px; margin: 0px; padding: 0px; max-width: 100%;"
            >
              <img
                alt=""
                aria-hidden="true"
                src="data:image/svg+xml,%3csvg%20xmlns=%27http://www.w3.org/2000/svg%27%20version=%271.1%27%20width=%2724%27%20height=%2724%27/%3e"
                style="display: block; max-width: 100%; background: none; opacity: 1; border: 0px; margin: 0px; padding: 0px;"
              />
            </span>
            <img
              alt=""
              data-nimg="intrinsic"
              decoding="async"
              src="data:image/gif;base64,R0lGODlhAQABAIAAAAAAAP///yH5BAEAAAAALAAAAAABAAEAAAIBRAA7"
              style="position: absolute; top: 0px; left: 0px; bottom: 0px; right: 0px; box-sizing: border-box; padding: 0px; margin: auto; display: block; width: 0px; height: 0px; min-width: 100%; max-width: 100%; min-height: 100%; max-height: 100%;"
            />
            <noscript />
          </span>
        </a>
        <a
          href="https://brave.com"
          rel="noreferrer noopener"
          target="_blank"
        >
          <span
            style="box-sizing: border-box; display: inline-block; overflow: hidden; background: none; opacity: 1; border: 0px; margin: 0px; padding: 0px; position: relative; max-width: 100%;"
          >
            <span
              style="box-sizing: border-box; display: block; background: none; opacity: 1; border: 0px; margin: 0px; padding: 0px; max-width: 100%;"
            >
              <img
                alt=""
                aria-hidden="true"
                src="data:image/svg+xml,%3csvg%20xmlns=%27http://www.w3.org/2000/svg%27%20version=%271.1%27%20width=%2724%27%20height=%2724%27/%3e"
                style="display: block; max-width: 100%; background: none; opacity: 1; border: 0px; margin: 0px; padding: 0px;"
              />
            </span>
            <img
              alt=""
              data-nimg="intrinsic"
              decoding="async"
              src="data:image/gif;base64,R0lGODlhAQABAIAAAAAAAP///yH5BAEAAAAALAAAAAABAAEAAAIBRAA7"
              style="position: absolute; top: 0px; left: 0px; bottom: 0px; right: 0px; box-sizing: border-box; padding: 0px; margin: auto; display: block; width: 0px; height: 0px; min-width: 100%; max-width: 100%; min-height: 100%; max-height: 100%;"
            />
            <noscript />
          </span>
        </a>
      </div>
    </div>
  </section>
</div>
`;
